
[1m[46m RUN [49m[22m [36mv4.0.15 [39m[90mC:/Projects/Practice Tool[39m

[90mstderr[2m | tests/repro_sandalphon_invoke.test.ts
[22m[39mCannot set navigator

[90mstdout[2m | tests/repro_sandalphon_invoke.test.ts[2m > [22m[2mSandalphon Invoke Logic[2m > [22m[2mSandalphon invokes from deck when 6 evolves requirement is met
[22m[39mSandalphon Data Name: Sandalphon, Primarch Successor
Sandy Name: Sandalphon, Primarch Successor
Deck Setup: [
  [32m'Sandalphon, Primarch Successor (sandy-1)'[39m,
  [32m'Sandalphon, Primarch Successor (sandy-2)'[39m,
  [32m'Filler (filler-0)'[39m,
  [32m'Filler (filler-1)'[39m,
  [32m'Filler (filler-2)'[39m,
  [32m'Filler (filler-3)'[39m,
  [32m'Filler (filler-4)'[39m
]
Ending Red Turn...
Red Turn Ended. Deck Now: [
  [32m'Sandalphon, Primarch Successor (sandy-1)'[39m,
  [32m'Sandalphon, Primarch Successor (sandy-2)'[39m,
  [32m'Filler (filler-0)'[39m,
  [32m'Filler (filler-1)'[39m,
  [32m'Filler (filler-2)'[39m,
  [32m'Filler (filler-3)'[39m
]
[Crest] blue gained Crest: "Sandalphon, Primarch Successor"
[LimitCheck] Sandy1InDeck=false Sandy2InDeck=true

 [32m✓[39m tests/repro_sandalphon_invoke.test.ts [2m([22m[2m1 test[22m[2m)[22m[32m 7[2mms[22m[39m

[2m Test Files [22m [1m[32m1 passed[39m[22m[90m (1)[39m
[2m      Tests [22m [1m[32m1 passed[39m[22m[90m (1)[39m
[2m   Start at [22m 20:54:34
[2m   Duration [22m 421ms[2m (transform 266ms, setup 23ms, import 299ms, tests 7ms, environment 0ms)[22m

