
[1m[46m RUN [49m[22m [36mv4.0.15 [39m[90mC:/Projects/Practice Tool[39m

 [31m├ù[39m tests/unit/cards/satyr.test.ts[2m > [22mSatyr, Open-Hearted Rover (10452120)[2m > [22mshould have correct Fanfare definition[32m 7[2mms[22m[39m
[31m   ÔåÆ expected 'evolve' to be 'evolve_self' // Object.is equality[39m
 [32mÔ£ô[39m tests/unit/cards/puppet_theater.test.ts[2m > [22mPuppet Theater (10072210)[2m > [22mshould have correct End of Turn trigger[32m 3[2mms[22m[39m
 [32mÔ£ô[39m tests/unit/cards/alchemic_flare.test.ts[2m > [22mAlchemic Flare Logic[2m > [22mCard JSON Check[2m > [22mshould have correct definitions[32m 4[2mms[22m[39m
 [32mÔ£ô[39m tests/unit/cards/nehan_10453110.test.ts[2m > [22mNehan, Dispenser of Samsara (10453110)[2m > [22mshould have correct Fanfare definition[32m 3[2mms[22m[39m
 [32mÔ£ô[39m tests/unit/cards/wamdus.test.ts[2m > [22mWamdus Logic[2m > [22mCard JSON Check[2m > [22mshould have correct definitions[32m 4[2mms[22m[39m
 [32mÔ£ô[39m tests/unit/cards.importer.test.ts[2m > [22mCard Text Compiler[2m > [22mshould extract keywords[32m 3[2mms[22m[39m
 [32mÔ£ô[39m tests/unit/cards.importer.test.ts[2m > [22mCard Text Compiler[2m > [22mshould parse 'Draw X cards'[32m 1[2mms[22m[39m
 [32mÔ£ô[39m tests/unit/cards.importer.test.ts[2m > [22mCard Text Compiler[2m > [22mshould parse 'Deale X damage to an enemy follower'[32m 1[2mms[22m[39m
 [32mÔ£ô[39m tests/unit/cards.importer.test.ts[2m > [22mCard Text Compiler[2m > [22mshould capture unresolved text[32m 1[2mms[22m[39m
 [32mÔ£ô[39m tests/golden/cardFilter.keys.test.ts[2m > [22mGolden: CardFilter Key Semantics[2m > [22mtype filter[2m > [22mmatches exact type[32m 2[2mms[22m[39m
 [32mÔ£ô[39m tests/golden/cardFilter.keys.test.ts[2m > [22mGolden: CardFilter Key Semantics[2m > [22mtype filter[2m > [22mis case-insensitive[32m 0[2mms[22m[39m
 [32mÔ£ô[39m tests/golden/cardFilter.keys.test.ts[2m > [22mGolden: CardFilter Key Semantics[2m > [22mclass filter[2m > [22mmatches exact class[32m 0[2mms[22m[39m
 [32mÔ£ô[39m tests/golden/cardFilter.keys.test.ts[2m > [22mGolden: CardFilter Key Semantics[2m > [22mcost filters[2m > [22mcost_lte matches[32m 1[2mms[22m[39m
 [32mÔ£ô[39m tests/golden/cardFilter.keys.test.ts[2m > [22mGolden: CardFilter Key Semantics[2m > [22mcost filters[2m > [22mcost_gte matches[32m 0[2mms[22m[39m
 [32mÔ£ô[39m tests/golden/cardFilter.keys.test.ts[2m > [22mGolden: CardFilter Key Semantics[2m > [22mcost filters[2m > [22mcost_eq (exact) matches[32m 0[2mms[22m[39m
 [32mÔ£ô[39m tests/golden/cardFilter.keys.test.ts[2m > [22mGolden: CardFilter Key Semantics[2m > [22mattack filters[2m > [22mattack_lte matches[32m 0[2mms[22m[39m
 [32mÔ£ô[39m tests/golden/cardFilter.keys.test.ts[2m > [22mGolden: CardFilter Key Semantics[2m > [22mattack filters[2m > [22mattack_gte matches[32m 0[2mms[22m[39m
 [32mÔ£ô[39m tests/golden/cardFilter.keys.test.ts[2m > [22mGolden: CardFilter Key Semantics[2m > [22mdefense filters[2m > [22mdefense_lte matches[32m 0[2mms[22m[39m
 [32mÔ£ô[39m tests/golden/cardFilter.keys.test.ts[2m > [22mGolden: CardFilter Key Semantics[2m > [22mtribe filters[2m > [22mtribe (singular) matches[32m 0[2mms[22m[39m
 [32mÔ£ô[39m tests/golden/cardFilter.keys.test.ts[2m > [22mGolden: CardFilter Key Semantics[2m > [22mtribe filters[2m > [22mtribes (array) matches any[32m 0[2mms[22m[39m
 [32mÔ£ô[39m tests/golden/cardFilter.keys.test.ts[2m > [22mGolden: CardFilter Key Semantics[2m > [22mcombined filters[2m > [22mall criteria must match (AND logic)[32m 0[2mms[22m[39m
 [32mÔ£ô[39m tests/unit/stateValidation.test.ts[2m > [22mGameState Validation[2m > [22mvalidates the initial clean state[32m 5[2mms[22m[39m
 [32mÔ£ô[39m tests/unit/stateValidation.test.ts[2m > [22mGameState Validation[2m > [22mdetects null entries in card arrays[32m 1[2mms[22m[39m
 [32mÔ£ô[39m tests/unit/stateValidation.test.ts[2m > [22mGameState Validation[2m > [22mdetects duplicate instanceIds in active zones[32m 0[2mms[22m[39m
 [32mÔ£ô[39m tests/unit/stateValidation.test.ts[2m > [22mGameState Validation[2m > [22mdetects invalid numeric fields[32m 1[2mms[22m[39m
 [32mÔ£ô[39m tests/unit/stateValidation.test.ts[2m > [22mGameState Validation[2m > [22mallows negative HP (valid for dead players)[32m 0[2mms[22m[39m
 [32mÔ£ô[39m tests/unit/stateValidation.test.ts[2m > [22mGameState Validation[2m > [22mreports missing critical arrays[32m 0[2mms[22m[39m
[90mstdout[2m | tests/unit/cards/fuse_repro.test.ts[2m > [22m[2mFuse Selection (Bug Repro)
[22m[39mDEBUG: cardIndex.ts - initCardDatabase called. globalCardIndex set. Global key '__TEST_CARD_INDEX__' set: [33mtrue[39m

[90mstdout[2m | tests/unit/cards/fuse_repro.test.ts[2m > [22m[2mFuse Selection (Bug Repro)[2m > [22m[2mGear of Ambition should have fuse_recipes
[22m[39mDEBUG: cardIndex.ts - globalCardIndex is null. Attempting recovery from global key '__TEST_CARD_INDEX__'...
DEBUG: cardIndex.ts - Recovery result: [33mtrue[39m

[90mstdout[2m | tests/unit/cards/fuse_repro.test.ts[2m > [22m[2mFuse Selection (Bug Repro)[2m > [22m[2mshould set pendingTargetEffect when starting fuse
[22m[39mDEBUG: cardIndex.ts - globalCardIndex is null. Attempting recovery from global key '__TEST_CARD_INDEX__'...
DEBUG: cardIndex.ts - Recovery result: [33mtrue[39m

 [32mÔ£ô[39m tests/golden/pendingTarget.lifecycle.test.ts[2m > [22mGolden: PendingTarget Lifecycle[2m > [22minitially no pending target[32m 2[2mms[22m[39m
 [32mÔ£ô[39m tests/golden/pendingTarget.lifecycle.test.ts[2m > [22mGolden: PendingTarget Lifecycle[2m > [22msetPendingTarget creates pending state[32m 1[2mms[22m[39m
 [32mÔ£ô[39m tests/golden/pendingTarget.lifecycle.test.ts[2m > [22mGolden: PendingTarget Lifecycle[2m > [22mclearPendingTarget removes pending state[32m 1[2mms[22m[39m
 [32mÔ£ô[39m tests/golden/pendingTarget.lifecycle.test.ts[2m > [22mGolden: PendingTarget Lifecycle[2m > [22mtargets can be accumulated before resolution[32m 1[2mms[22m[39m
[90mstdout[2m | tests/golden/damage.calculator.test.ts[2m > [22m[2mGolden: Damage Calculator Stability[2m > [22m[2madd_amount stacking[2m > [22m[2madds add_amount to base
[22m[39m[DamageDebug] Resolving add_amount: "2" -> 2
[DamageDebug] Context Source: None

[90mstdout[2m | tests/golden/damage.calculator.test.ts[2m > [22m[2mGolden: Damage Calculator Stability[2m > [22m[2moverflow mechanics[2m > [22m[2moverflow + add_amount combines correctly
[22m[39m[DamageDebug] Resolving add_amount: "1" -> 1
[DamageDebug] Context Source: None

 [32mÔ£ô[39m tests/unit/cards/fuse_repro.test.ts[2m > [22mFuse Selection (Bug Repro)[2m > [22mGear of Ambition should have fuse_recipes[32m 3[2mms[22m[39m
 [32mÔ£ô[39m tests/golden/damage.calculator.test.ts[2m > [22mGolden: Damage Calculator Stability[2m > [22mbase amount resolution[2m > [22mresolves numeric amount[32m 3[2mms[22m[39m
 [32mÔ£ô[39m tests/golden/damage.calculator.test.ts[2m > [22mGolden: Damage Calculator Stability[2m > [22mbase amount resolution[2m > [22mhandles zero damage[32m 0[2mms[22m[39m
 [32mÔ£ô[39m tests/golden/damage.calculator.test.ts[2m > [22mGolden: Damage Calculator Stability[2m > [22madd_amount stacking[2m > [22madds add_amount to base[32m 1[2mms[22m[39m
 [32mÔ£ô[39m tests/golden/damage.calculator.test.ts[2m > [22mGolden: Damage Calculator Stability[2m > [22moverflow mechanics[2m > [22muses overflow_amount when overflowing[32m 0[2mms[22m[39m
 [32mÔ£ô[39m tests/golden/damage.calculator.test.ts[2m > [22mGolden: Damage Calculator Stability[2m > [22moverflow mechanics[2m > [22muses base amount when not overflowing[32m 0[2mms[22m[39m
 [32mÔ£ô[39m tests/golden/damage.calculator.test.ts[2m > [22mGolden: Damage Calculator Stability[2m > [22moverflow mechanics[2m > [22moverflow + add_amount combines correctly[32m 0[2mms[22m[39m
 [32mÔ£ô[39m tests/golden/damage.calculator.test.ts[2m > [22mGolden: Damage Calculator Stability[2m > [22medge cases[2m > [22mhandles undefined add_amount gracefully[32m 0[2mms[22m[39m
 [32mÔ£ô[39m tests/unit/cards/baal.test.ts[2m > [22mBaal, Elemental Resonance (10452130)[2m > [22mshould have correct Choose Fanfare definition[32m 4[2mms[22m[39m
 [32mÔ£ô[39m tests/golden/triggers.ordering_and_gate.test.ts[2m > [22mGolden: Trigger Keys and Ordering[2m > [22mtrigger event names[2m > [22messential trigger events are well-typed[32m 2[2mms[22m[39m
 [32mÔ£ô[39m tests/golden/triggers.ordering_and_gate.test.ts[2m > [22mGolden: Trigger Keys and Ordering[2m > [22monce-per-turn state tracking[2m > [22musedAllyFollowerEnter tracks usage per round[32m 0[2mms[22m[39m
 [32mÔ£ô[39m tests/golden/triggers.ordering_and_gate.test.ts[2m > [22mGolden: Trigger Keys and Ordering[2m > [22monce-per-turn state tracking[2m > [22mlastFuseRound blocks same-turn fuse[32m 1[2mms[22m[39m
 [32mÔ£ô[39m tests/golden/triggers.ordering_and_gate.test.ts[2m > [22mGolden: Trigger Keys and Ordering[2m > [22mcrest counter state[2m > [22mcrest counters can be incremented and checked[32m 0[2mms[22m[39m
 [32mÔ£ô[39m tests/unit/debugTimeline.test.ts[2m > [22mDebug Timeline[2m > [22mdoes not record when disabled[32m 2[2mms[22m[39m
 [32mÔ£ô[39m tests/unit/debugTimeline.test.ts[2m > [22mDebug Timeline[2m > [22mrecords events when enabled[32m 1[2mms[22m[39m
 [32mÔ£ô[39m tests/unit/debugTimeline.test.ts[2m > [22mDebug Timeline[2m > [22mstops recording when requested[32m 0[2mms[22m[39m
 [32mÔ£ô[39m tests/unit/debugTimeline.test.ts[2m > [22mDebug Timeline[2m > [22mclears timeline[32m 0[2mms[22m[39m
 [32mÔ£ô[39m tests/unit/cards/fediel.test.ts[2m > [22mFediel, Darkness Personified (10454110)[2m > [22mshould have correct Fanfare and Trigger definition[32m 4[2mms[22m[39m
 [32mÔ£ô[39m tests/integration/triggers.behavior.test.ts[2m > [22mTrigger Module Invariants[2m > [22mInvariant: Execution Order (Crests -> Board -> Hand)[32m 5[2mms[22m[39m
 [32mÔ£ô[39m tests/integration/triggers.behavior.test.ts[2m > [22mTrigger Module Invariants[2m > [22mInvariant: Loot Fused Dedupe (Once per turn per initiator)[32m 1[2mms[22m[39m
 [32mÔ£ô[39m tests/integration/triggers.behavior.test.ts[2m > [22mTrigger Module Invariants[2m > [22mInvariant: Once Per Turn (Generic)[32m 1[2mms[22m[39m
 [32mÔ£ô[39m tests/integration/triggers.behavior.test.ts[2m > [22mTrigger Module Invariants[2m > [22mInvariant: Legacy Bypass (Clash ignores standard conditions)[32m 1[2mms[22m[39m
 [32mÔ£ô[39m tests/integration/triggers.behavior.test.ts[2m > [22mTrigger Module Invariants[2m > [22mInvariant: Strict Play Logic (No bypass for ally_follower_played check)[32m 1[2mms[22m[39m
 [32mÔ£ô[39m tests/unit/cards/beelzebub.test.ts[2m > [22mCard: Beelzebub, Supreme King[2m > [22mCore Logic: Leader Damage Bonus[2m > [22mshould correctly store the damage bonus in state[32m 3[2mms[22m[39m
 [32mÔ£ô[39m tests/unit/cards/beelzebub.test.ts[2m > [22mCard: Beelzebub, Supreme King[2m > [22mCore Logic: Leader Damage Bonus[2m > [22mshould apply the bonus when taking damage[32m 1[2mms[22m[39m
 [32mÔ£ô[39m tests/unit/cards/beelzebub.test.ts[2m > [22mCard: Beelzebub, Supreme King[2m > [22mCore Logic: Leader Damage Bonus[2m > [22mshould NOT apply bonus for 0 damage or healing[32m 1[2mms[22m[39m
 [32mÔ£ô[39m tests/unit/cards/beelzebub.test.ts[2m > [22mCard: Beelzebub, Supreme King[2m > [22mCore Logic: Leader Damage Bonus[2m > [22mshould respect resetGameState[32m 1[2mms[22m[39m
 [32mÔ£ô[39m tests/unit/cards/beelzebub.test.ts[2m > [22mCard: Beelzebub, Supreme King[2m > [22mCard Definition (JSON)[2m > [22mshould have correct Fanfare definition matching requirements[32m 3[2mms[22m[39m
[90mstdout[2m | tests/integration/ewiyar.test.ts[2m > [22m[2mEwiyar - recover_ep operation
[22m[39mDEBUG: cardIndex.ts - initCardDatabase called. globalCardIndex set. Global key '__TEST_CARD_INDEX__' set: [33mtrue[39m

 [32mÔ£ô[39m tests/integration/ewiyar.test.ts[2m > [22mEwiyar - recover_ep operation[2m > [22mshould recover EP when below max[32m 2[2mms[22m[39m
 [32mÔ£ô[39m tests/integration/ewiyar.test.ts[2m > [22mEwiyar - recover_ep operation[2m > [22mshould cap EP at 2 (starting max)[32m 0[2mms[22m[39m
 [32mÔ£ô[39m tests/integration/ewiyar.test.ts[2m > [22mEwiyar - recover_ep operation[2m > [22mshould not exceed max even with large amount[32m 0[2mms[22m[39m
 [32mÔ£ô[39m tests/integration/ewiyar.test.ts[2m > [22mEwiyar - recover_ep operation[2m > [22mshould work for red player too[32m 0[2mms[22m[39m
 [32mÔ£ô[39m tests/unit/cards/nezha.test.ts[2m > [22mNezha JSON Definition[2m > [22mshould have correct definitions for Rush and EOT effects[32m 4[2mms[22m[39m
node.exe : [90mstderr[2m | tests/u
nit/bugs/repro_gilnelise.test.ts[2m
 > [22m[2mGilnelise Logic[2m > 
[22m[2mhandleBothMaxPPGate[2m > 
[22m[2mshould safely handle 
non-array queue (prevent crash)
Au caractère Ligne:1 : 1
+ & "C:\Program 
Files\nodejs/node.exe" "C:\Program 
Files\nodejs/node_mo ...
+ ~~~~~~~~~~~~~~~~~~~~~~~~~~~~~~~~~~
~~~~~~~~~~~~~~~~~~~~~~~~~~~~~~~~~~~
    + CategoryInfo          : NotSp 
   ecified: ([90mstderr[2m...(pr  
  event crash):String) [], Remote   
 Exception
    + FullyQualifiedErrorId : Nativ 
   eCommandError
 
[22m[39m[Dispatcher] Error in op 
'both_max_pp_gate': effectsQueue is 
not an array [90mundefined[39m

 [32mÔ£ô[39m tests/golden/targeting.ordering.test.ts[2m > [22mGolden: Targeting Pool Ordering[2m > [22mally:follower returns board order (left to right)[32m 4[2mms[22m[39m
 [32mÔ£ô[39m tests/golden/targeting.ordering.test.ts[2m > [22mGolden: Targeting Pool Ordering[2m > [22menemy:follower returns opponent board order[32m 1[2mms[22m[39m
 [32mÔ£ô[39m tests/golden/targeting.ordering.test.ts[2m > [22mGolden: Targeting Pool Ordering[2m > [22mlast_summoned returns state.lastSummoned in order[32m 0[2mms[22m[39m
 [32mÔ£ô[39m tests/golden/targeting.ordering.test.ts[2m > [22mGolden: Targeting Pool Ordering[2m > [22mall:follower returns blue then red boards in order[32m 0[2mms[22m[39m
 [32mÔ£ô[39m tests/unit/bugs/repro_gilnelise.test.ts[2m > [22mGilnelise Logic[2m > [22mhandleBothMaxPPGate[2m > [22mshould handle effectsQueue correctly when both players have max PP[32m 2[2mms[22m[39m
 [32mÔ£ô[39m tests/unit/bugs/repro_gilnelise.test.ts[2m > [22mGilnelise Logic[2m > [22mhandleBothMaxPPGate[2m > [22mshould safely handle non-array queue (prevent crash)[32m 2[2mms[22m[39m
 [32mÔ£ô[39m tests/unit/bugs/repro_gilnelise.test.ts[2m > [22mGilnelise Logic[2m > [22mGlow Logic[2m > [22mshould return enhance-ready glow when both max PP >= 10[32m 1[2mms[22m[39m
 [32mÔ£ô[39m tests/unit/bugs/repro_gilnelise.test.ts[2m > [22mGilnelise Logic[2m > [22mGlow Logic[2m > [22mshould return playable-glow when condition not met[32m 0[2mms[22m[39m
[90mstdout[2m | tests/unit/cards/unleashed.test.ts[2m > [22m[2mUnleashed Card Data[2m > [22m[2mshould have the correct spell effects
[22m[39mUnleashed found: Yes

 [32mÔ£ô[39m tests/unit/logic/process_triggers.test.ts[2m > [22mprocessCandidateTriggers[2m > [22mshould handle 'end_of_turn_own' shorthand correctly[32m 3[2mms[22m[39m
 [32mÔ£ô[39m tests/unit/cards/unleashed.test.ts[2m > [22mUnleashed Card Data[2m > [22mshould have the correct spell effects[32m 6[2mms[22m[39m
[90mstdout[2m | tests/unit/gameStateIdentity.test.ts[2m > [22m[2mGameState Identity[2m > [22m[2msummonNamed preserves lastSummoned identity
[22m[39mDEBUG: cardIndex.ts - globalCardIndex is null. Attempting recovery from global key '__TEST_CARD_INDEX__'...
DEBUG: cardIndex.ts - Recovery result: [33mfalse[39m
DEBUG: direct.ts - isCardDatabaseInitialized: false

[90mstderr[2m | tests/unit/gameSta
teIdentity.test.ts[2m > 
[22m[2mGameState Identity[2m > 
[22m[2msummonNamed preserves 
lastSummoned identity
[22m[39msummonNamed: Card 
"INVALID_CARD_999" not found in DB

 [32mÔ£ô[39m tests/unit/cards/ezecrain.test.ts[2m > [22mEzecrain, Portent of Vengeance Data Verification[2m > [22mShould have correct Fanfare effects[32m 3[2mms[22m[39m
 [32mÔ£ô[39m tests/unit/gameStateIdentity.test.ts[2m > [22mGameState Identity[2m > [22marrays preserve identity across resets[32m 2[2mms[22m[39m
 [32mÔ£ô[39m tests/unit/gameStateIdentity.test.ts[2m > [22mGameState Identity[2m > [22msummonNamed preserves lastSummoned identity[32m 1[2mms[22m[39m
 [32mÔ£ô[39m tests/unit/cards/nation_of_disdain.test.ts[2m > [22mNation of Disdain (10342210) Structure[2m > [22mshould have correct 'other:follower' targeting for Engage effect[32m 3[2mms[22m[39m
[90mstdout[2m | tests/unit/cards/lamretta.test.ts[2m > [22m[2mLamretta, Sisterly Shepherd (10461120)[2m > [22m[2mshould gain temporary "Can't Attack" on evolve via buff_self
[22m[39mAFTER BUFF SELF on Lamretta, Sisterly Shepherd: { defense: [33m4[39m, buffs: { attack: [33m0[39m, defense: [33m0[39m } }
Lamretta Keywords: []
Lamretta KeywordState: {
  "cantAttack": true,
  "cantAttackFollowers": true,
  "cantAttackLeaders": true,
  "cantAttackExpiresOnTurn": 5,
  "cantAttackIsTemporary": true
}

 [32mÔ£ô[39m tests/unit/cards/lamretta.test.ts[2m > [22mLamretta, Sisterly Shepherd (10461120)[2m > [22mshould gain temporary "Can't Attack" on evolve via buff_self[32m 3[2mms[22m[39m
 [32mÔ£ô[39m tests/unit/bugs/repro_demon_playability.test.ts[2m > [22mDemon of Purgatory Playability[2m > [22mshould be playable even if no enemy followers are on board[32m 2[2mms[22m[39m
[90mstdout[2m | tests/unit/cards/fuse_repro.test.ts[2m > [22m[2mFuse Selection (Bug Repro)[2m > [22m[2mshould set pendingTargetEffect when starting fuse
[22m[39m[Registry] Registering choose_bonus_add. Handler: [36m[Function: handleChooseBonusAdd][39m

[90mstdout[2m | tests/integration/invariants.dispatch.test.ts
[22m[39m[Registry] Registering choose_bonus_add. Handler: [36m[Function: handleChooseBonusAdd][39m

[90mstdout[2m | tests/unit/cards/ancestral_crown_repro.test.ts
[22m[39m[Registry] Registering choose_bonus_add. Handler: [36m[Function: handleChooseBonusAdd][39m

[90mstdout[2m | tests/unit/bugs/bug1_earth_sigil.test.ts
[22m[39m[Registry] Registering choose_bonus_add. Handler: [36m[Function: handleChooseBonusAdd][39m

[90mstdout[2m | tests/unit/bugs/faith_owner.test.ts
[22m[39m[Registry] Registering choose_bonus_add. Handler: [36m[Function: handleChooseBonusAdd][39m

[90mstdout[2m | tests/unit/cards/mireille.test.ts
[22m[39m[Registry] Registering choose_bonus_add. Handler: [36m[Function: handleChooseBonusAdd][39m

[90mstdout[2m | tests/unit/bugs/bug2_cant_attack.test.ts
[22m[39m[Registry] Registering choose_bonus_add. Handler: [36m[Function: handleChooseBonusAdd][39m

[90mstdout[2m | tests/unit/cards/troue.test.ts
[22m[39m[Registry] Registering choose_bonus_add. Handler: [36m[Function: handleChooseBonusAdd][39m

[90mstdout[2m | tests/integration/engine.actions.test.ts
[22m[39m[Registry] Registering choose_bonus_add. Handler: [36m[Function: handleChooseBonusAdd][39m

[90mstdout[2m | tests/integration/scenario.engine.test.ts
[22m[39m[Registry] Registering choose_bonus_add. Handler: [36m[Function: handleChooseBonusAdd][39m

[90mstdout[2m | tests/unit/cards/awed_and_inspired.test.ts
[22m[39m[Registry] Registering choose_bonus_add. Handler: [36m[Function: handleChooseBonusAdd][39m

[90mstdout[2m | tests/unit/resolveTarget.dispatcher.test.ts
[22m[39m[Registry] Registering choose_bonus_add. Handler: [36m[Function: handleChooseBonusAdd][39m

[90mstdout[2m | tests/unit/bane_vs_barrier_repro.test.ts
[22m[39m[Registry] Registering choose_bonus_add. Handler: [36m[Function: handleChooseBonusAdd][39m

[90mstdout[2m | tests/unit/cards/supplicant_of_truth.test.ts
[22m[39m[Registry] Registering choose_bonus_add. Handler: [36m[Function: handleChooseBonusAdd][39m

[90mstdout[2m | tests/unit/bugs/bug2_rage_serpents.test.ts
[22m[39m[Registry] Registering choose_bonus_add. Handler: [36m[Function: handleChooseBonusAdd][39m

[90mstdout[2m | tests/unit/bugs/sham_mechanics.test.ts
[22m[39m[Registry] Registering choose_bonus_add. Handler: [36m[Function: handleChooseBonusAdd][39m

[90mstdout[2m | tests/unit/cards/mireille.test.ts[2m > [22m[2mMireille & Risette Fix[2m > [22m[2mhandleEvolveLastSummoned should evolve only cards in state.lastSummoned
[22m[39m[evolve_last_summoned] LastSummoned length: 1
[evolve_last_summoned] Checking card: Mireille Token (token1) Zone: board Type: Follower Evolved: false

[90mstdout[2m | tests/unit/bugs/faith_owner.test.ts[2m > [22m[2mBug: Faith Owner Isolation[2m > [22m[2mshould only increment the active player crest when select_mode is fired
[22m[39m[Crest] blue gained Crest: "Faith: Sham-Nacha, Heir to Entwining"
[Crest] red gained Crest: "Faith: Sham-Nacha, Heir to Entwining"
 firing select_mode for BLUE...

[90mstdout[2m | tests/unit/bugs/sham_mechanics.test.ts[2m > [22m[2mSham-Nacha Mechanics[2m > [22m[2mshould glow yellow if and only if Faith >= 10
[22m[39m[Crest] blue gained Crest: "Faith: Sham-Nacha, Heir to Entwining"
Faith 9 Glow: playable-glow
Faith 10 Glow: enhance-ready

[90mstderr[2m | tests/unit/bugs/fa
ith_owner.test.ts[2m > 
[22m[2mBug: Faith Owner 
Isolation[2m > [22m[2mshould 
only increment the active player 
crest when select_mode is fired
[22m[39mDEBUG_DISPATCH: 
dispatching crest_add_counter

 [32mÔ£ô[39m tests/unit/bugs/bug2_cant_attack.test.ts[2m > [22mBug 2: cant_attack enforcement[2m > [22mShould prevent attack when cant_attack is active[32m 3[2mms[22m[39m
[90mstdout[2m | tests/unit/bugs/sham_mechanics.test.ts[2m > [22m[2mSham-Nacha Mechanics[2m > [22m[2mshould consume 10 faith and grant Choose Bonus
[22m[39m[Crest] blue gained Crest: "Faith: Sham-Nacha, Heir to Entwining"
[Bonus] Adding choose bonus 1 to blue

 [32mÔ£ô[39m tests/unit/bane_vs_barrier_repro.test.ts[2m > [22mBane vs Barrier Interaction[2m > [22mBarrier should block damage but NOT prevent Bane destruction[32m 4[2mms[22m[39m
 [32mÔ£ô[39m tests/unit/cards/mireille.test.ts[2m > [22mMireille & Risette Fix[2m > [22mhandleEvolveLastSummoned should evolve only cards in state.lastSummoned[32m 2[2mms[22m[39m
 [31m├ù[39m tests/unit/cards/mireille.test.ts[2m > [22mMireille & Risette Fix[2m > [22mJSON Data Verification: Mireille uses correct ops[32m 6[2mms[22m[39m
[31m   ÔåÆ expected 'evolve' to be 'evolve_last_summoned' // Object.is equality[39m
[90mstderr[2m | tests/unit/bugs/sh
am_mechanics.test.ts[2m > 
[22m[2mSham-Nacha Mechanics[2m > 
[22m[2mshould consume 10 faith 
and grant Choose Bonus
[22m[39mDEBUG_DISPATCH: 
dispatching crest_pay_counter
DEBUG_DISPATCH: dispatching 
choose_bonus_add

 [32mÔ£ô[39m tests/unit/bugs/faith_owner.test.ts[2m > [22mBug: Faith Owner Isolation[2m > [22mshould only increment the active player crest when select_mode is fired[32m 4[2mms[22m[39m
 [32mÔ£ô[39m tests/unit/bugs/sham_mechanics.test.ts[2m > [22mSham-Nacha Mechanics[2m > [22mshould glow yellow if and only if Faith >= 10[32m 3[2mms[22m[39m
 [32mÔ£ô[39m tests/unit/bugs/sham_mechanics.test.ts[2m > [22mSham-Nacha Mechanics[2m > [22mshould consume 10 faith and grant Choose Bonus[32m 1[2mms[22m[39m
[90mstdout[2m | tests/unit/cards/troue.test.ts[2m > [22m[2mTroue, Heroic Visionary (10461110)[2m > [22m[2mshould gain Drain when an amulet is engaged
[22m[39mAFTER BUFF SELF on Troue, Heroic Visionary: { defense: [33m1[39m, buffs: { attack: [33m0[39m, defense: [33m0[39m } }
DEBUG: cardIndex.ts - globalCardIndex is null. Attempting recovery from global key '__TEST_CARD_INDEX__'...
DEBUG: cardIndex.ts - Recovery result: [33mfalse[39m
Troue Keywords: [
  "Storm",
  "drain"
]

[90mstderr[2m | 
tests/unit/cards/troue.test.ts[2m 
> [22m[2mTroue, Heroic Visionary 
(10461110)[2m > [22m[2mshould 
gain Drain when an amulet is engaged
[22m[39mDEBUG_DISPATCH: 
dispatching buff
DEBUG_DISPATCH: dispatching 
add_to_hand

 [32mÔ£ô[39m tests/unit/cards/troue.test.ts[2m > [22mTroue, Heroic Visionary (10461110)[2m > [22mshould gain Drain when an amulet is engaged[32m 5[2mms[22m[39m
[90mstdout[2m | tests/unit/cards/awed_and_inspired.test.ts[2m > [22m[2mAwed and Inspired (10461210)[2m > [22m[2mshould destroy self, transform ally, and draw a card upon engage
[22m[39mDEBUG: cardIndex.ts - initCardDatabase called. globalCardIndex set. Global key '__TEST_CARD_INDEX__' set: [33mtrue[39m

 [32mÔ£ô[39m tests/unit/resolveTarget.dispatcher.test.ts[2m > [22mresolveTarget.ts Dispatcher Registration[2m > [22mHandler Registration[2m > [22mshould register all 24 expected targeted ops[32m 2[2mms[22m[39m
 [32mÔ£ô[39m tests/unit/resolveTarget.dispatcher.test.ts[2m > [22mresolveTarget.ts Dispatcher Registration[2m > [22mHandler Registration[2m > [22mshould register damage handler[32m 0[2mms[22m[39m
 [32mÔ£ô[39m tests/unit/resolveTarget.dispatcher.test.ts[2m > [22mresolveTarget.ts Dispatcher Registration[2m > [22mHandler Registration[2m > [22mshould register destroy handler[32m 0[2mms[22m[39m
 [32mÔ£ô[39m tests/unit/resolveTarget.dispatcher.test.ts[2m > [22mresolveTarget.ts Dispatcher Registration[2m > [22mHandler Registration[2m > [22mshould register buff handler[32m 0[2mms[22m[39m
 [32mÔ£ô[39m tests/unit/resolveTarget.dispatcher.test.ts[2m > [22mresolveTarget.ts Dispatcher Registration[2m > [22mHandler Registration[2m > [22mshould register transform handler[32m 0[2mms[22m[39m
 [32mÔ£ô[39m tests/unit/resolveTarget.dispatcher.test.ts[2m > [22mresolveTarget.ts Dispatcher Registration[2m > [22mHandler Registration[2m > [22mshould register fuse handlers[32m 0[2mms[22m[39m
 [32mÔ£ô[39m tests/unit/resolveTarget.dispatcher.test.ts[2m > [22mresolveTarget.ts Dispatcher Registration[2m > [22mHandler Registration[2m > [22mshould register nested_effects handler[32m 0[2mms[22m[39m
 [32mÔ£ô[39m tests/unit/resolveTarget.dispatcher.test.ts[2m > [22mresolveTarget.ts Dispatcher Registration[2m > [22mHandler Registration[2m > [22mshould have no unexpected handlers[32m 1[2mms[22m[39m
[90mstderr[2m | tests/unit/cards/a
wed_and_inspired.test.ts[2m > 
[22m[2mAwed and Inspired 
(10461210)[2m > [22m[2mshould 
destroy self, transform ally, and 
draw a card upon engage
[22m[39mDEBUG_DISPATCH: 
dispatching select
DEBUG_DISPATCH: dispatching 
transform
DEBUG_DISPATCH: dispatching draw

[90mstdout[2m | tests/unit/cards/awed_and_inspired.test.ts[2m > [22m[2mAwed and Inspired (10461210)[2m > [22m[2mshould destroy self, transform ally, and draw a card upon engage
[22m[39mPending Target Eff: {
  op: [32m'nested_effects'[39m,
  effects: [ { op: [32m'transform'[39m, into: [32m'Awed and Inspired'[39m } ]
}

 [32mÔ£ô[39m tests/unit/cards/awed_and_inspired.test.ts[2m > [22mAwed and Inspired (10461210)[2m > [22mshould destroy self, transform ally, and draw a card upon engage[32m 8[2mms[22m[39m
[90mstdout[2m | tests/unit/cards/ancestral_crown_repro.test.ts[2m > [22m[2mAncestral Crown
[22m[39mDEBUG: cardIndex.ts - initCardDatabase called. globalCardIndex set. Global key '__TEST_CARD_INDEX__' set: [33mtrue[39m

[90mstdout[2m | tests/unit/bugs/bug1_earth_sigil.test.ts[2m > [22m[2mBug 1: Earth Sigils Initialization
[22m[39mDEBUG: cardIndex.ts - initCardDatabase called. globalCardIndex set. Global key '__TEST_CARD_INDEX__' set: [33mtrue[39m

[90mstdout[2m | tests/integration/scenario.engine.test.ts[2m > [22m[2mEngine Golden Path[2m > [22m[2mshould drive game state via dispatch
[22m[39m[RNG] Using provided seed: 12345

[90mstdout[2m | tests/integration/invariants.dispatch.test.ts[2m > [22m[2mEngine Invariants[2m > [22m[2mshould throw if state is invalid BEFORE dispatch
[22m[39m[RNG] Using provided seed: 1

[90mstdout[2m | tests/integration/engine.actions.test.ts[2m > [22m[2mEngine Actions[2m > [22m[2mshould play a card via PLAY_CARD action
[22m[39m[RNG] Using provided seed: 999

[90mstdout[2m | tests/unit/cards/ancestral_crown_repro.test.ts[2m > [22m[2mAncestral Crown[2m > [22m[2mshould buff allied followers by +1/+1 when they enter
[22m[39mDEBUG: cardIndex.ts - globalCardIndex is null. Attempting recovery from global key '__TEST_CARD_INDEX__'...
DEBUG: cardIndex.ts - Recovery result: [33mtrue[39m

 [32mÔ£ô[39m tests/unit/bugs/bug1_earth_sigil.test.ts[2m > [22mBug 1: Earth Sigils Initialization[2m > [22mWitchs New Brew should start with 1 earth counter[32m 3[2mms[22m[39m
 [32mÔ£ô[39m tests/unit/bugs/bug1_earth_sigil.test.ts[2m > [22mBug 1: Earth Sigils Initialization[2m > [22mMagic Sediment should start with 1 earth counter (Token fallback)[32m 1[2mms[22m[39m
[90mstdout[2m | tests/unit/bugs/bug2_rage_serpents.test.ts[2m > [22m[2mBug 2: Rage of Serpents Selection State
[22m[39mDEBUG: cardIndex.ts - initCardDatabase called. globalCardIndex set. Global key '__TEST_CARD_INDEX__' set: [33mtrue[39m

[90mstderr[2m | tests/unit/cards/f
use_repro.test.ts[2m > 
[22m[2mFuse Selection (Bug 
Repro)[2m > [22m[2mshould set 
pendingTargetEffect when starting 
fuse
[22m[39mDEBUG_DISPATCH: 
dispatching start_fuse_from_card

 [32mÔ£ô[39m tests/unit/cards/fuse_repro.test.ts[2m > [22mFuse Selection (Bug Repro)[2m > [22mshould set pendingTargetEffect when starting fuse[33m 956[2mms[22m[39m
 [32mÔ£ô[39m tests/unit/cards/ancestral_crown_repro.test.ts[2m > [22mAncestral Crown[2m > [22mshould buff allied followers by +1/+1 when they enter[32m 4[2mms[22m[39m
[90mstdout[2m | tests/unit/cards/fuse_repro.test.ts[2m > [22m[2mFuse Selection (Bug Repro)[2m > [22m[2mshould mark pool cards as __uiSelectable
[22m[39mDEBUG: cardIndex.ts - globalCardIndex is null. Attempting recovery from global key '__TEST_CARD_INDEX__'...
DEBUG: cardIndex.ts - Recovery result: [33mtrue[39m

[90mstdout[2m | tests/integration/scenario.engine.test.ts[2m > [22m[2mEngine Golden Path[2m > [22m[2mshould drive game state via dispatch
[22m[39mDEBUG: cardIndex.ts - initCardDatabase called. globalCardIndex set. Global key '__TEST_CARD_INDEX__' set: [33mtrue[39m

[90mstdout[2m | tests/integration/invariants.dispatch.test.ts[2m > [22m[2mEngine Invariants[2m > [22m[2mshould throw if state is invalid BEFORE dispatch
[22m[39mDEBUG: cardIndex.ts - initCardDatabase called. globalCardIndex set. Global key '__TEST_CARD_INDEX__' set: [33mtrue[39m

[90mstderr[2m | tests/unit/cards/f
use_repro.test.ts[2m > 
[22m[2mFuse Selection (Bug 
Repro)[2m > [22m[2mshould mark 
pool cards as __uiSelectable
[22m[39mDEBUG_DISPATCH: 
dispatching start_fuse_from_card

[90mstdout[2m | tests/integration/engine.actions.test.ts[2m > [22m[2mEngine Actions[2m > [22m[2mshould play a card via PLAY_CARD action
[22m[39mDEBUG: cardIndex.ts - initCardDatabase called. globalCardIndex set. Global key '__TEST_CARD_INDEX__' set: [33mtrue[39m

[90mstdout[2m | tests/unit/cards/fuse_repro.test.ts[2m > [22m[2mFuse Selection (Bug Repro)[2m > [22m[2mshould allow target selection via resolvePendingTarget
[22m[39mDEBUG: cardIndex.ts - globalCardIndex is null. Attempting recovery from global key '__TEST_CARD_INDEX__'...
DEBUG: cardIndex.ts - Recovery result: [33mtrue[39m

[90mstderr[2m | tests/unit/cards/s
upplicant_of_truth.test.ts[2m > 
[22m[2mSupplicant of Truth 
(10332110) Integration[2m > 
[22m[2mshould deal 3 damage to 
all other followers
[22m[39mDEBUG_DISPATCH: 
dispatching damage
DEBUG_DISPATCH: dispatching gate

[90mstderr[2m | tests/unit/cards/f
use_repro.test.ts[2m > 
[22m[2mFuse Selection (Bug 
Repro)[2m > [22m[2mshould allow 
target selection via 
resolvePendingTarget
[22m[39mDEBUG_DISPATCH: 
dispatching start_fuse_from_card

[90mstderr[2m | tests/unit/bugs/bu
g2_rage_serpents.test.ts[2m > 
[22m[2mBug 2: Rage of Serpents 
Selection State[2m > 
[22m[2mshould deal damage to 
target follower AND self leader, 
then clear pending state
[22m[39mDEBUG_DISPATCH: 
dispatching damage
DEBUG_DISPATCH: dispatching damage

 [32mÔ£ô[39m tests/unit/cards/supplicant_of_truth.test.ts[2m > [22mSupplicant of Truth (10332110) Integration[2m > [22mshould deal 3 damage to all other followers[32m 6[2mms[22m[39m
 [32mÔ£ô[39m tests/unit/cards/fuse_repro.test.ts[2m > [22mFuse Selection (Bug Repro)[2m > [22mshould mark pool cards as __uiSelectable[32m 3[2mms[22m[39m
 [32mÔ£ô[39m tests/unit/cards/fuse_repro.test.ts[2m > [22mFuse Selection (Bug Repro)[2m > [22mshould allow target selection via resolvePendingTarget[32m 3[2mms[22m[39m
[90mstderr[2m | tests/unit/bugs/bu
g2_rage_serpents.test.ts[2m > 
[22m[2mBug 2: Rage of Serpents 
Selection State[2m > 
[22m[2mshould deal damage to 
enemy leader AND self leader
[22m[39mDEBUG_DISPATCH: 
dispatching damage
DEBUG_DISPATCH: dispatching damage

 [32mÔ£ô[39m tests/unit/bugs/bug2_rage_serpents.test.ts[2m > [22mBug 2: Rage of Serpents Selection State[2m > [22mshould deal damage to target follower AND self leader, then clear pending state[32m 7[2mms[22m[39m
 [32mÔ£ô[39m tests/unit/bugs/bug2_rage_serpents.test.ts[2m > [22mBug 2: Rage of Serpents Selection State[2m > [22mshould deal damage to enemy leader AND self leader[32m 1[2mms[22m[39m
[90mstderr[2m | tests/integration/
scenario.engine.test.ts[2m > 
[22m[2mEngine Golden Path[2m > 
[22m[2mshould drive game state 
via dispatch
[22m[39m[Validation] Database 
appears empty.

[90mstderr[2m | tests/integration/
invariants.dispatch.test.ts[2m > 
[22m[2mEngine Invariants[2m > 
[22m[2mshould throw if state is 
invalid BEFORE dispatch
[22m[39m[Validation] Database 
appears empty.

[90mstderr[2m | tests/integration/
engine.actions.test.ts[2m > 
[22m[2mEngine Actions[2m > 
[22m[2mshould play a card via 
PLAY_CARD action
[22m[39m[Validation] Database 
appears empty.

[90mstdout[2m | tests/integration/scenario.engine.test.ts[2m > [22m[2mEngine Golden Path[2m > [22m[2mshould drive game state via dispatch
[22m[39mValidating Card Database...

[90mstdout[2m | tests/integration/invariants.dispatch.test.ts[2m > [22m[2mEngine Invariants[2m > [22m[2mshould throw if state is invalid BEFORE dispatch
[22m[39mValidating Card Database...

[90mstdout[2m | tests/integration/engine.actions.test.ts[2m > [22m[2mEngine Actions[2m > [22m[2mshould play a card via PLAY_CARD action
[22m[39mValidating Card Database...

[90mstdout[2m | tests/integration/invariants.dispatch.test.ts[2m > [22m[2mEngine Invariants[2m > [22m[2mshould throw if state is invalid AFTER dispatch
[22m[39m[RNG] Using provided seed: 1

[90mstderr[2m | tests/integration/
scenario.engine.test.ts[2m > 
[22m[2mEngine Golden Path[2m > 
[22m[2mshould drive game state 
via dispatch
[22m[39m[Turns] endTurnBlue 
called. isBlueTurn: true

 [32mÔ£ô[39m tests/integration/engine.actions.test.ts[2m > [22mEngine Actions[2m > [22mshould play a card via PLAY_CARD action[32m 43[2mms[22m[39m
 [32mÔ£ô[39m tests/integration/scenario.engine.test.ts[2m > [22mEngine Golden Path[2m > [22mshould drive game state via dispatch[32m 44[2mms[22m[39m
[90mstdout[2m | tests/integration/invariants.dispatch.test.ts[2m > [22m[2mEngine Invariants[2m > [22m[2mshould throw if state is invalid AFTER dispatch
[22m[39mDEBUG: cardIndex.ts - initCardDatabase called. globalCardIndex set. Global key '__TEST_CARD_INDEX__' set: [33mtrue[39m

[90mstderr[2m | tests/integration/
invariants.dispatch.test.ts[2m > 
[22m[2mEngine Invariants[2m > 
[22m[2mshould throw if state is 
invalid AFTER dispatch
[22m[39m[Validation] Database 
appears empty.

[90mstdout[2m | tests/integration/invariants.dispatch.test.ts[2m > [22m[2mEngine Invariants[2m > [22m[2mshould throw if state is invalid AFTER dispatch
[22m[39mValidating Card Database...

 [32mÔ£ô[39m tests/integration/invariants.dispatch.test.ts[2m > [22mEngine Invariants[2m > [22mshould throw if state is invalid BEFORE dispatch[32m 41[2mms[22m[39m
 [32mÔ£ô[39m tests/integration/invariants.dispatch.test.ts[2m > [22mEngine Invariants[2m > [22mshould throw if state is invalid AFTER dispatch[32m 7[2mms[22m[39m

[31mÔÄ»ÔÄ»ÔÄ»ÔÄ»ÔÄ»ÔÄ»ÔÄ»[39m[1m
[41m Failed Tests 2 [49m[22m[31mÔ
Ä»ÔÄ»ÔÄ»ÔÄ»ÔÄ»ÔÄ»ÔÄ»[39m

[41m[1m FAIL [22m[49m tests/unit
/cards/mireille.test.ts[2m > 
[22mMireille & Risette Fix[2m > 
[22mJSON Data Verification: 
Mireille uses correct ops
[31m[1mAssertionError[22m: 
expected 'evolve' to be 
'evolve_last_summoned' // Object.is 
equality[39m

Expected: [32m"evolve[7m_last_summ
oned[27m"[39m
Received: [31m"evolve"[39m

[36m [2mÔØ»[22m tests/unit/cards/
mireille.test.ts:[2m79:34[22m[39m
    [90m 77| [39m        [34mexpe
ct[39m(subEffects[33m.[39mlength)
[33m.[39m[34mtoBe[39m([34m2[39
m)[33m;[39m
    [90m 78| [39m
    [90m 79| [39m        [34mexpe
ct[39m(subEffects[[34m0[39m][33m
.[39mop)[33m.[39m[34mtoBe[39m(
[32m"evolve_last_summoned"[39m)[33
m;[39m
    [90m   | [39m                 
                [31m^[39m
    [90m 80| [39m        expect(su
bEffects[1].op).toBe("evolve_self");
 // Order mattersÔÇª
    [90m 81| [39m    })[33m;[39m

[31m[2mÔÄ»ÔÄ»ÔÄ»ÔÄ»ÔÄ»ÔÄ»ÔÄ»ÔÄ»ÔÄ»
ÔÄ»ÔÄ»ÔÄ»ÔÄ»ÔÄ»ÔÄ»ÔÄ»ÔÄ»ÔÄ»ÔÄ»ÔÄ»ÔÄ»
ÔÄ»ÔÄ»ÔÄ»[1/2]ÔÄ»[22m[39m

[41m[1m FAIL [22m[49m 
tests/unit/cards/satyr.test.ts[2m 
> [22mSatyr, Open-Hearted Rover 
(10452120)[2m > [22mshould have 
correct Fanfare definition
[31m[1mAssertionError[22m: 
expected 'evolve' to be 
'evolve_self' // Object.is 
equality[39m

Expected: 
[32m"evolve[7m_self[27m"[39m
Received: [31m"evolve"[39m

[36m [2mÔØ»[22m tests/unit/cards/
satyr.test.ts:[2m27:38[22m[39m
    [90m 25| [39m        [34mexpe
ct[39m(effect[33m.[39mop)[33m.[
39m[34mtoBe[39m([32m"gate"[39m)
[33m;[39m
    [90m 26| [39m        [34mexpe
ct[39m(effect[33m.[39meffects)[3
3m.[39m[34mtoBeDefined[39m()[33m
;[39m
    [90m 27| [39m        [34mexpe
ct[39m(effect[33m.[39meffects[[3
4m0[39m][33m.[39mop)[33m.[39m[
34mtoBe[39m([32m"evolve_self"[39m
)[33m;[39m
    [90m   | [39m                 
                    [31m^[39m
    [90m 28| [39m    })[33m;[39m
    [90m 29| [39m})[33m;[39m

[31m[2mÔÄ»ÔÄ»ÔÄ»ÔÄ»ÔÄ»ÔÄ»ÔÄ»ÔÄ»ÔÄ»
ÔÄ»ÔÄ»ÔÄ»ÔÄ»ÔÄ»ÔÄ»ÔÄ»ÔÄ»ÔÄ»ÔÄ»ÔÄ»ÔÄ»
ÔÄ»ÔÄ»ÔÄ»[2/2]ÔÄ»[22m[39m


[2m Test Files [22m [1m[31m2 failed[39m[22m[2m | [22m[1m[32m41 passed[39m[22m[90m (43)[39m
[2m      Tests [22m [1m[31m2 failed[39m[22m[2m | [22m[1m[32m108 passed[39m[22m[90m (110)[39m
[2m   Start at [22m 22:58:13
[2m   Duration [22m 1.59s[2m (transform 15.78s, setup 2.24s, import 20.44s, tests 1.40s, environment 8ms)[22m

