src/logic/core/resolveTarget.ts(183,30): error TS2345: Argument of type '{ type: string; }' is not assignable to parameter of type 'CardInstance'.
  Type '{ type: string; }' is missing the following properties from type 'CardInstance': uid, name
src/logic/core/resolveTarget.ts(197,13): error TS2554: Expected 3-4 arguments, but got 2.
src/logic/core/resolveTarget.ts(655,44): error TS2345: Argument of type 'CardInstance' is not assignable to parameter of type 'string'.
src/logic/effects/cards/forestcraft/congregant.ts(45,34): error TS2362: The left-hand side of an arithmetic operation must be of type 'any', 'number', 'bigint' or an enum type.
src/logic/effects/cards/forestcraft/congregant.ts(49,20): error TS2365: Operator '+' cannot be applied to types 'string | number' and 'number'.
src/logic/effects/cards/runecraft/kuon.ts(37,64): error TS2365: Operator '+' cannot be applied to types 'number' and 'string | number'.
src/logic/effects/cards/runecraft/kuon.ts(38,64): error TS2365: Operator '+' cannot be applied to types 'number' and 'string | number'.
src/logic/effects/counters.ts(33,15): error TS2339: Property 'destroyOnEmpty' does not exist on type 'string | KeywordEntry'.
  Property 'destroyOnEmpty' does not exist on type 'string'.
src/logic/effects/hand.ts(46,9): error TS2353: Object literal may only specify known properties, and 'op' does not exist in type '{ eff: Effect; owner: Player; sourceCard: CardInstance; resumeEffects: Effect[]; pool: CardInstance[]; targets: CardInstance[]; selectCount: number; canTargetLeader?: boolean; requiresConfirmation?: boolean; confirmationText?: string; }'.
src/logic/effects/ops/buff.ts(65,13): error TS2353: Object literal may only specify known properties, and 'context' does not exist in type '{ eff: Effect; owner: Player; sourceCard: CardInstance; resumeEffects: Effect[]; pool: CardInstance[]; targets: CardInstance[]; selectCount: number; canTargetLeader?: boolean; requiresConfirmation?: boolean; confirmationText?: string; }'.
src/logic/effects/ops/choose.ts(214,13): error TS2554: Expected 2-4 arguments, but got 5.
src/logic/effects/ops/fuse/fuse.artifact.ts(131,38): error TS2367: This comparison appears to be unintentional because the types 'string' and 'number' have no overlap.
src/logic/effects/ops/fuse/fuse.artifact.ts(178,38): error TS2367: This comparison appears to be unintentional because the types 'string' and 'number' have no overlap.
src/logic/effects/ops/fuse/fuse.artifact.ts(228,36): error TS2367: This comparison appears to be unintentional because the types 'string' and 'number' have no overlap.
src/logic/effects/ops/fuse/fuse.artifact.ts(242,56): error TS2367: This comparison appears to be unintentional because the types 'string' and 'number' have no overlap.
src/logic/effects/ops/fuse/fuse.artifact.ts(253,29): error TS2345: Argument of type 'string' is not assignable to parameter of type 'number'.
src/logic/effects/ops/fuse/fuse.artifact.ts(267,28): error TS2345: Argument of type 'string' is not assignable to parameter of type 'number'.
src/logic/effects/ops/fuse/fuse.forest.ts(25,38): error TS2367: This comparison appears to be unintentional because the types 'string' and 'number' have no overlap.
src/logic/effects/ops/fuse/fuse.loot.ts(24,38): error TS2367: This comparison appears to be unintentional because the types 'string' and 'number' have no overlap.
src/logic/effects/ops/misc.ts(56,38): error TS2362: The left-hand side of an arithmetic operation must be of type 'any', 'number', 'bigint' or an enum type.
src/logic/effects/ops/misc.ts(82,34): error TS2362: The left-hand side of an arithmetic operation must be of type 'any', 'number', 'bigint' or an enum type.
src/logic/effects/ops/spellboost.ts(64,17): error TS2339: Property 'name' does not exist on type 'string | KeywordEntry'.
  Property 'name' does not exist on type 'string'.
src/logic/effects/ops/spellboost.ts(64,60): error TS2339: Property 'effects' does not exist on type 'string | KeywordEntry'.
  Property 'effects' does not exist on type 'string'.
src/logic/effects/ops/spellboost.ts(66,33): error TS2339: Property 'effects' does not exist on type 'string | KeywordEntry'.
  Property 'effects' does not exist on type 'string'.
src/logic/effects/ops/spellboost.ts(193,55): error TS2362: The left-hand side of an arithmetic operation must be of type 'any', 'number', 'bigint' or an enum type.
